// Jest Snapshot v1, https://goo.gl/fbAQLP

exports[`Modal component test with Enzyme renders correct snapshot 1`] = `
<Modal
  ariaHideApp={false}
  bodyOpenClassName="ReactModal__Body--open"
  closeTimeoutMS={0}
  contentElement={[Function]}
  contentLabel="Modal"
  isOpen={true}
  onRequestClose={[MockFunction]}
  overlayElement={[Function]}
  parentSelector={[Function]}
  portalClassName="ReactModalPortal"
  preventScroll={false}
  role="dialog"
  shouldCloseOnEsc={true}
  shouldCloseOnOverlayClick={true}
  shouldFocusAfterRender={true}
  shouldReturnFocusAfterClose={true}
  style={
    Object {
      "content": Object {
        "backgroundColor": "#f8f8f8",
        "bottom": "auto",
        "display": "flex",
        "flexDirection": "column",
        "left": "50%",
        "marginRight": "-50%",
        "minHeight": "200px",
        "minWidth": "350px",
        "padding": "0",
        "position": "absolute",
        "right": "auto",
        "top": "20%",
        "transform": "translate(-50%, -50%)",
      },
      "overlay": Object {
        "backgroundColor": "rgba(255, 255, 255, 0.75)",
        "position": "absolute",
        "top": 55,
      },
    }
  }
>
  <styled.div
    isBigSize={false}
  >
    <styled.div
      bgColor="blue"
    >
      <styled.div>
        title
      </styled.div>
      <styled.button
        bgColor="blue"
        onClick={[MockFunction]}
      >
        x
      </styled.button>
    </styled.div>
    <styled.div>
      text
    </styled.div>
    <styled.div>
      <styled.button
        color="red"
        onClick={[MockFunction]}
      >
        text
      </styled.button>
      <styled.button
        onClick={[MockFunction]}
      >
        text
      </styled.button>
    </styled.div>
  </styled.div>
</Modal>
`;
