// Jest Snapshot v1, https://goo.gl/fbAQLP

exports[`Welcome component test with Enzyme renders snapshot 1`] = `
<styled.div>
  <styled.div>
    <styled.div>
      Welcome to our page
    </styled.div>
    <styled.div>
      Here you can add and save cards about your favorite
    </styled.div>
    <styled.div>
      <styled.span>
        Music
      </styled.span>
      <styled.span>
        Films
      </styled.span>
      <styled.span>
        Books
      </styled.span>
      <styled.span>
        Other
      </styled.span>
    </styled.div>
    <Styled(Link)
      to="/home"
    >
      Create Your Card
    </Styled(Link)>
    <styled.img
      src="test-file-stub"
    />
    <styled.div>
      <styled.div
        inherit="inherit"
        per={10}
      >
        <styled.div />
      </styled.div>
      <styled.div
        inherit="inherit"
        per={25}
      >
        <styled.div />
      </styled.div>
      <styled.div
        inherit="inherit"
        per={50}
      >
        <styled.div />
      </styled.div>
      <styled.div
        inherit="none"
        per={75}
      >
        <styled.div />
      </styled.div>
      <styled.div
        inherit="none"
        per={95}
      >
        <styled.div />
      </styled.div>
    </styled.div>
  </styled.div>
</styled.div>
`;
